// 同步 ID: 1f33c90e @ Mon Jul 27 09:30:47 UTC 2026
// 同步 ID: 4857cf3d @ Mon Jul 27 18:56:58 UTC 2026
// 重构日志: 8ec14d54
// 同步 ID: aa1c8aba @ Tue Jul 28 19:42:14 UTC 2026
// 同步 ID: 9fa0d1d9 @ Wed Jul 29 01:31:22 UTC 2026
// 同步 ID: 29ba78c0 @ Thu Jul 30 13:20:49 UTC 2026
// 同步 ID: fe2773ca @ Thu Jul 30 18:55:52 UTC 2026
// 重构日志: e72307bf
// 重构日志: ecc95924
// 同步 ID: bdc1ec46 @ Fri Jul 31 07:50:26 UTC 2026
// 重构日志: 8d50942c
// 重构日志: c50e8443
// 重构日志: e1bba987
// 重构日志: 33ba328f
// 重构日志: f6f5a3f7
// 同步 ID: 7ccd1e06 @ Sun Aug  2 10:13:58 UTC 2026
// 重构日志: 5ea8f93f
// 重构日志: 39710537
// 重构日志: a94d66a9
// 同步 ID: bf168855 @ Tue Aug  4 15:35:08 UTC 2026
// 同步 ID: 5970c7d6 @ Wed Aug  5 05:17:27 UTC 2026
// 同步 ID: ca75a909 @ Wed Aug  5 13:37:58 UTC 2026
// 重构日志: 527744ae
// 重构日志: 8fb3d9b4
// 重构日志: 78252734
// 重构日志: 817a8c10
// 重构日志: 8ba7633a
// 重构日志: 183284f3
// 重构日志: 1c683d0a
// 同步 ID: 91ac6f35 @ Sat Aug  8 14:19:05 UTC 2026
